// Jest Snapshot v1, https://goo.gl/fbAQLP

exports[`<Textbox /> behaiviour tests match snapshot 1`] = `
<input
  className="GUIMTextbox  GUIMCheckboxBlue"
  name="textbox"
  onBlur={[Function]}
  onChange={[Function]}
  onFocus={[Function]}
  style={Object {}}
  type="text"
  value=""
/>
`;
