// Jest Snapshot v1, https://goo.gl/fbAQLP

exports[`<Button /> match snapshot 1`] = `
<a
  className="GUIMButton  GUIMButtonGRAY"
  onClick={[Function]}
>
  Click me
</a>
`;
